exports[`test clean snapshot 1`] = `
<div>
  <ul
    className="ShapeEditList list-group" />
  <button
    className="btn btn-lg btn-primary"
    disabled={true}
    onClick={[Function]}
    type="button">
    Save Selected Shapes
  </button>
</div>
`;
