exports[`test clean snapshot 1`] = `
<ul
  className="ShapeList list-group" />
`;
