exports[`test default state snapshot 1`] = `
<div
  className="App">
  <div
    className="App-header">
    <img
      alt="logo"
      className="App-logo"
      src="logo.svg" />
    <h2>
      Map Assistant
    </h2>
    <h4>
      Calculations at your service.
    </h4>
  </div>
  <div
    className="container">
    <div
      className="GeoShapes">
      <div
        className="row">
        <div
          className="col-md-4">
          <div
            className="RawTextInput">
            <div
              className="form-group">
              <label
                className="control-label"
                htmlFor={undefined}>
                Text Input
              </label>
              <textarea
                className="RawTextInput-rawTextTextarea form-control"
                id={undefined}
                onChange={[Function]}
                type={undefined}
                value="" />
            </div>
            <button
              className="btn btn-lg btn-primary"
              disabled={false}
              onClick={[Function]}
              type="button">
              Process Text
            </button>
          </div>
          <div>
            <ul
              className="ShapeEditList list-group" />
            <button
              className="btn btn-lg btn-primary"
              disabled={true}
              onClick={[Function]}
              type="button">
              Save Selected Shapes
            </button>
          </div>
          <ul
            className="ShapeList list-group" />
          <div
            className="OutputData">
            <h4>
              KML Output
            </h4>
            <textarea
              className="OutputData-textarea"
              readOnly={true}
              value="<?xml version=\"1.0\" encoding=\"UTF-8\"?><kml xmlns=\"http://www.opengis.net/kml/2.2\"><Document><name>Generated from GeoConverter</name><description>This data is generated from data input into Geo File Converter.</description></Document></kml>" />
          </div>
        </div>
        <div
          className="col-md-8">
          <div>
            <div
              className="MapView-map" />
          </div>
        </div>
      </div>
    </div>
  </div>
</div>
`;
